// Jest Snapshot v1, https://goo.gl/fbAQLP

exports[`NotFoundComponent renders markup to snapshot 1`] = `
<not-found>
  
      <h1
    _ngcontent-c0=""
  >
    404
  </h1>
    
</not-found>
`;
